
=== Composition 1: detached process hosting a session inside a treehouse lease
  leased /tmp/ss-dispatch-c/pool/.treehouse/root-b2e95c/1/root
  claimed detached-worker-in-a-leased-tree on stepstone/detached-worker-in-a-leased-tree
  detached pid 613807 working in the leased tree
  worker log: agent finished detached-worker-in-a-leased-tree on stepstone/detached-worker-in-a-leased-tree; worklist untouched: 0 worklist changes
  merged-PR evidence for detached-worker-in-a-leased-tree
{"id":"detached-worker-in-a-leased-tree","status":"done","completedAt":"2026-08-12T08:19:05.503Z"}
  lease returned

=== Composition 2: herdr pane hosting a session inside a plain git worktree
  git worktree at /tmp/ss-dispatch-c/ws-paned-worker-in-a-git-worktree
  claimed paned-worker-in-a-git-worktree on stepstone/paned-worker-in-a-git-worktree
  pane wX:p1Z hosts the session, cwd /tmp/ss-dispatch-c/ws-paned-worker-in-a-git-worktree
  pane output: agent finished paned-worker-in-a-git-worktree on stepstone/paned-worker-in-a-git-worktree; worklist untouched: 0 worklist changes
  merged-PR evidence for paned-worker-in-a-git-worktree
{"id":"paned-worker-in-a-git-worktree","status":"done","completedAt":"2026-08-12T08:19:07.026Z"}
  pane closed, worktree removed

=== Both compositions ran the same contract; roadmap after the loop
[{"id":"detached-worker-in-a-leased-tree","status":"done"},{"id":"paned-worker-in-a-git-worktree","status":"done"}]
{"ready":[]}
1     available    /tmp/ss-dispatch-c/pool/.treehouse/root-b2e95c/1/root
